Warning: Permanently added '3.90.169.113' (ED25519) to the list of known hosts.
[2026-04-21 10:55:22,046] ip-10-0-1-128/INFO/locust.main: Starting Locust 2.34.0
[2026-04-21 10:55:22,046] ip-10-0-1-128/WARNING/locust.main: Python 3.9 support is deprecated and will be removed soon
[2026-04-21 10:55:22,046] ip-10-0-1-128/INFO/locust.runners: Shape test starting.
Type     Name                                                                          # reqs      # fails |    Avg     Min     Max    Med |   req/s  failures/s
--------|----------------------------------------------------------------------------|-------|-------------|-------|-------|-------|-------|--------|-----------
--------|----------------------------------------------------------------------------|-------|-------------|-------|-------|-------|-------|--------|-----------
         Aggregated                                                                         0     0(0.00%) |      0       0       0      0 |    0.00        0.00

[2026-04-21 10:55:22,050] ip-10-0-1-128/INFO/locust.runners: Shape worker starting
[2026-04-21 10:55:22,050] ip-10-0-1-128/INFO/locust.runners: Shape test updating to 60 users at 10.00 spawn rate
[2026-04-21 10:55:22,050] ip-10-0-1-128/INFO/locust.runners: Ramping to 60 users at a rate of 10.00 per second
Type     Name                                                                          # reqs      # fails |    Avg     Min     Max    Med |   req/s  failures/s
--------|----------------------------------------------------------------------------|-------|-------------|-------|-------|-------|-------|--------|-----------
POST     POST /notifications [MIXED]                                                       53     0(0.00%) |    345      48     979    240 |    0.00        0.00
--------|----------------------------------------------------------------------------|-------|-------------|-------|-------|-------|-------|--------|-----------
         Aggregated                                                                        53     0(0.00%) |    345      48     979    240 |    0.00        0.00

Type     Name                                                                          # reqs      # fails |    Avg     Min     Max    Med |   req/s  failures/s
--------|----------------------------------------------------------------------------|-------|-------------|-------|-------|-------|-------|--------|-----------
POST     POST /notifications [MIXED]                                                      110     0(0.00%) |    700      48    1801    680 |   34.00        0.00
--------|----------------------------------------------------------------------------|-------|-------------|-------|-------|-------|-------|--------|-----------
         Aggregated                                                                       110     0(0.00%) |    700      48    1801    680 |   34.00        0.00

[2026-04-21 10:55:27,060] ip-10-0-1-128/INFO/locust.runners: All users spawned: {"NotificationUser": 60} (60 total users)
Type     Name                                                                          # reqs      # fails |    Avg     Min     Max    Med |   req/s  failures/s
--------|----------------------------------------------------------------------------|-------|-------------|-------|-------|-------|-------|--------|-----------
POST     POST /notifications [MIXED]                                                      197     0(0.00%) |    825      48    1801    920 |   27.50        0.00
--------|----------------------------------------------------------------------------|-------|-------------|-------|-------|-------|-------|--------|-----------
         Aggregated                                                                       197     0(0.00%) |    825      48    1801    920 |   27.50        0.00

Type     Name                                                                          # reqs      # fails |    Avg     Min     Max    Med |   req/s  failures/s
--------|----------------------------------------------------------------------------|-------|-------------|-------|-------|-------|-------|--------|-----------
POST     POST /notifications [MIXED]                                                      292     0(0.00%) |    979      48    1801   1000 |   32.33        0.00
--------|----------------------------------------------------------------------------|-------|-------------|-------|-------|-------|-------|--------|-----------
         Aggregated                                                                       292     0(0.00%) |    979      48    1801   1000 |   32.33        0.00

Connection to 3.90.169.113 closed by remote host.
